src/app/production/page.tsx(852,17): error TS1005: ')' expected.
src/app/production/page.tsx(855,9): error TS1128: Declaration or statement expected.
src/app/production/page.tsx(856,5): error TS1109: Expression expected.
src/app/production/page.tsx(857,1): error TS1128: Declaration or statement expected.
