
≡ƒפם CHECKING CURRENT STATE

≡ƒףª Item: THERMAL PASTE  RG-ICF-CWR3-GP (SKU: CHM-00017)
   Type: Raw
   Current Stock: 7.1
   Current Stock Type: object
   Current Stock Constructor: i

≡ƒףכ BOM Components (0):


≡ƒן¡ SIMULATING PRODUCTION OF 0.1 UNITS



Γתש∩╕ן  EXECUTING PRODUCTION TRANSACTION...

   Adding 0.1 to CHM-00017...

Γ£ו TRANSACTION COMPLETED SUCCESSFULLY!


≡ƒףך VERIFYING FINAL STATE

≡ƒףª THERMAL PASTE  RG-ICF-CWR3-GP:
   Stock After: 7.2
   Expected: 7.199999999999999

≡ƒףכ Components After:

