src/app/purchasing/actions.ts(606,37): error TS2365: Operator '+' cannot be applied to types 'Decimal' and 'number'.
src/app/reports/actions.ts(15,22): error TS2339: Property 'id' does not exist on type '{ sku: string; name: string; type: string; currentStock: Decimal; cost: number; }'.
src/app/reports/actions.ts(111,17): error TS2365: Operator '+=' cannot be applied to types 'number' and 'Decimal'.
src/app/reports/actions.ts(112,17): error TS2365: Operator '+=' cannot be applied to types 'number' and 'Decimal'.
src/app/reports/actions.ts(113,31): error TS2362: The left-hand side of an arithmetic operation must be of type 'any', 'number', 'bigint' or an enum type.
src/app/reports/actions.ts(113,53): error TS2339: Property 'item' does not exist on type '{ id: number; quantity: Decimal; itemId: number | null; received: Decimal; unitCost: number; newItemName: string | null; newItemSku: string | null; isAutoMapped: boolean; poId: number; }'.
src/app/reports/actions.ts(155,56): error TS2339: Property 'cost' does not exist on type '{ sku: string; name: string; type: string; minStock: Decimal; currentStock: Decimal; }'.
src/app/reports/actions.ts(158,26): error TS2339: Property 'id' does not exist on type '{ sku: string; name: string; type: string; minStock: Decimal; currentStock: Decimal; }'.
src/app/reports/actions.ts(165,39): error TS2339: Property 'cost' does not exist on type '{ sku: string; name: string; type: string; minStock: Decimal; currentStock: Decimal; }'.
src/app/reports/actions.ts(236,33): error TS2362: The left-hand side of an arithmetic operation must be of type 'any', 'number', 'bigint' or an enum type.
src/app/reports/actions.ts(346,38): error TS2362: The left-hand side of an arithmetic operation must be of type 'any', 'number', 'bigint' or an enum type.
src/app/sales/actions.ts(291,48): error TS2362: The left-hand side of an arithmetic operation must be of type 'any', 'number', 'bigint' or an enum type.
src/app/sales/actions.ts(291,64): error TS2363: The right-hand side of an arithmetic operation must be of type 'any', 'number', 'bigint' or an enum type.
src/app/sales/actions.ts(305,47): error TS2362: The left-hand side of an arithmetic operation must be of type 'any', 'number', 'bigint' or an enum type.
src/app/sales/actions.ts(305,63): error TS2363: The right-hand side of an arithmetic operation must be of type 'any', 'number', 'bigint' or an enum type.
src/app/sales/actions.ts(494,45): error TS2345: Argument of type 'Decimal' is not assignable to parameter of type 'number'.
src/app/sales/page.tsx(134,39): error TS2345: Argument of type '({ item: { id: number; sku: string; name: string; cost: number; isSerialized: boolean; } | null; productionRuns: { id: number; createdAt: Date; updatedAt: Date; quantity: Decimal; ... 4 more ...; salesOrderId: number | null; }[]; productionRun: ({ ...; } & { ...; }) | null; lines: { ...; }[]; purchaseOrders: { ...; ...' is not assignable to parameter of type 'SetStateAction<SalesOrder[]>'.
  Type '({ item: { id: number; sku: string; name: string; cost: number; isSerialized: boolean; } | null; productionRuns: { id: number; createdAt: Date; updatedAt: Date; quantity: Decimal; ... 4 more ...; salesOrderId: number | null; }[]; productionRun: ({ ...; } & { ...; }) | null; lines: { ...; }[]; purchaseOrders: { ...; ...' is not assignable to type 'SalesOrder[]'.
    Type '{ item: { id: number; sku: string; name: string; cost: number; isSerialized: boolean; } | null; productionRuns: { id: number; createdAt: Date; updatedAt: Date; quantity: Decimal; ... 4 more ...; salesOrderId: number | null; }[]; productionRun: ({ ...; } & { ...; }) | null; lines: { ...; }[]; purchaseOrders: { ...; }...' is not assignable to type 'SalesOrder'.
      Types of property 'quantity' are incompatible.
        Type 'Decimal | null' is not assignable to type 'number | null | undefined'.
          Type 'Decimal' is not assignable to type 'number'.
src/app/sales/page.tsx(163,43): error TS2345: Argument of type '{ item: { id: number; sku: string; name: string; cost: number; isSerialized: boolean; } | null; productionRuns: { id: number; createdAt: Date; updatedAt: Date; quantity: Decimal; ... 4 more ...; salesOrderId: number | null; }[]; productionRun: ({ ...; } & { ...; }) | null; lines: { ...; }[]; purchaseOrders: { ...; }...' is not assignable to parameter of type 'SetStateAction<SalesOrder | null>'.
  Type '{ item: { id: number; sku: string; name: string; cost: number; isSerialized: boolean; } | null; productionRuns: { id: number; createdAt: Date; updatedAt: Date; quantity: Decimal; ... 4 more ...; salesOrderId: number | null; }[]; productionRun: ({ ...; } & { ...; }) | null; lines: { ...; }[]; purchaseOrders: { ...; }...' is not assignable to type 'SalesOrder'.
    Types of property 'quantity' are incompatible.
      Type 'Decimal | null' is not assignable to type 'number | null | undefined'.
        Type 'Decimal' is not assignable to type 'number'.
src/app/sales/page.tsx(164,23): error TS2345: Argument of type '({ item: { id: number; sku: string; name: string; cost: number; isSerialized: boolean; } | null; productionRuns: { id: number; createdAt: Date; updatedAt: Date; quantity: Decimal; ... 4 more ...; salesOrderId: number | null; }[]; productionRun: ({ ...; } & { ...; }) | null; lines: { ...; }[]; purchaseOrders: { ...; ...' is not assignable to parameter of type 'SetStateAction<SalesOrder[]>'.
  Type '({ item: { id: number; sku: string; name: string; cost: number; isSerialized: boolean; } | null; productionRuns: { id: number; createdAt: Date; updatedAt: Date; quantity: Decimal; ... 4 more ...; salesOrderId: number | null; }[]; productionRun: ({ ...; } & { ...; }) | null; lines: { ...; }[]; purchaseOrders: { ...; ...' is not assignable to type 'SalesOrder[]'.
    Type '{ item: { id: number; sku: string; name: string; cost: number; isSerialized: boolean; } | null; productionRuns: { id: number; createdAt: Date; updatedAt: Date; quantity: Decimal; ... 4 more ...; salesOrderId: number | null; }[]; productionRun: ({ ...; } & { ...; }) | null; lines: { ...; }[]; purchaseOrders: { ...; }...' is not assignable to type 'SalesOrder'.
      Types of property 'quantity' are incompatible.
        Type 'Decimal | null' is not assignable to type 'number | null | undefined'.
          Type 'Decimal' is not assignable to type 'number'.
src/app/shipping/actions.ts(208,33): error TS2365: Operator '<' cannot be applied to types 'number' and 'Decimal'.
src/app/shipping/actions.ts(215,29): error TS2322: Type 'number' is not assignable to type 'Decimal'.
src/app/shipping/actions.ts(223,37): error TS2365: Operator '<=' cannot be applied to types 'Decimal' and 'number'.
src/app/shipping/actions.ts(224,57): error TS2345: Argument of type 'Decimal' is not assignable to parameter of type 'number'.
src/app/shipping/actions.ts(229,33): error TS2362: The left-hand side of an arithmetic operation must be of type 'any', 'number', 'bigint' or an enum type.
src/app/shipping/actions.ts(307,33): error TS2365: Operator '<' cannot be applied to types 'number' and 'Decimal'.
src/app/shipping/actions.ts(405,25): error TS2365: Operator '<' cannot be applied to types 'number' and 'Decimal'.
